# ui-primitives ratchet baseline — may shrink (--update-baseline), never grow.
# Spec: docs/superpowers/specs/2026-09-12-interaction-primitives-design.md
frontend/components/ErrorBoundary.tsx:cursor-class:1
frontend/components/articles/ArticleFileUploadDialogNew.tsx:cursor-class:1
frontend/components/articles/ArticleFileUploadDialogNew.tsx:overlay-size:1
frontend/components/articles/ArticleSidePanel.tsx:cursor-class:1
frontend/components/articles/ArticlesExportDialog.tsx:cursor-class:4
frontend/components/articles/ArticlesExportDialog.tsx:overlay-size:1
frontend/components/articles/ArticlesList.tsx:cursor-class:2
frontend/components/articles/RISImportDialog.tsx:overlay-size:1
frontend/components/articles/ZoteroImportDialog.tsx:cursor-class:4
frontend/components/articles/ZoteroImportDialog.tsx:overlay-size:1
frontend/components/extraction/AddEntryDialog.tsx:overlay-size:2
frontend/components/extraction/ArticleExtractionTable.tsx:cursor-class:1
frontend/components/extraction/LlmEndpointsDialog.tsx:overlay-size:1
frontend/components/extraction/LlmEngineSettingsDialog.tsx:cursor-class:1
frontend/components/extraction/LlmEngineSettingsDialog.tsx:overlay-size:1
frontend/components/extraction/SectionAccordion.tsx:cursor-class:1
frontend/components/extraction/ai/AISuggestionDisplay.tsx:cursor-class:1
frontend/components/extraction/ai/shared/GenerationDetailsDialog.tsx:overlay-size:1
frontend/components/extraction/dialogs/AddSectionDialog.tsx:overlay-size:1
frontend/components/extraction/dialogs/AllowedUnitsList.tsx:cursor-class:1
frontend/components/extraction/dialogs/CreateCustomTemplateDialog.tsx:overlay-size:1
frontend/components/extraction/dialogs/ImportTemplateDialog.tsx:cursor-class:2
frontend/components/extraction/dialogs/ImportTemplateDialog.tsx:overlay-size:1
frontend/components/extraction/dialogs/ImportTemplateFilePane.tsx:cursor-class:1
frontend/components/extraction/entries/RemoveEntryDialog.tsx:overlay-size:1
frontend/components/extraction/template-config/MoveToSectionDialog.tsx:overlay-size:1
frontend/components/extraction/template-config/TemplateConfigDiffSheet.tsx:overlay-size:1
frontend/components/extraction/template-config/TemplateConfigGridPanel.tsx:overlay-size:1
frontend/components/extraction/template-config/TemplateGridFieldRow.tsx:cursor-class:1
frontend/components/extraction/template-config/TemplateVersionHistorySheet.tsx:overlay-size:1
frontend/components/feedback/FeedbackDialog.tsx:cursor-class:5
frontend/components/feedback/FeedbackDialog.tsx:overlay-size:1
frontend/components/hitl/HITLExportDialog.tsx:cursor-class:8
frontend/components/hitl/HITLExportDialog.tsx:overlay-size:1
frontend/components/layout/MobileSidebar.tsx:overlay-size:1
frontend/components/navigation/NotificationCenter.tsx:cursor-class:1
frontend/components/project/AiConfigDialog.tsx:overlay-size:1
frontend/components/runs/header/Help.tsx:overlay-size:1
frontend/components/shared/list/FilterCategoricalField.tsx:cursor-class:1
frontend/components/shared/list/ListDisplaySortPopover.tsx:cursor-class:1
frontend/components/shared/list/ListRowCard.tsx:cursor-class:1
frontend/components/ui/checkbox.tsx:cursor-class:1
frontend/components/ui/command.tsx:cursor-class:2
frontend/components/ui/command.tsx:overlay-size:1
frontend/components/ui/dropdown-menu.tsx:cursor-class:4
frontend/components/ui/input.tsx:cursor-class:1
frontend/components/ui/radio-group.tsx:cursor-class:1
frontend/components/ui/select.tsx:cursor-class:4
frontend/components/ui/switch.tsx:cursor-class:2
frontend/components/ui/textarea.tsx:cursor-class:1
