# copy-key ratchet baseline — UI copy keys with no reference in frontend/**.
# Format: <namespace-file>:<key>. May shrink (re-run --update-baseline to
# tighten), never grow. Clearing an entry DELETES user-facing copy: run
# `npm run typecheck` AND `npm run test:run` — t() returns '' for a missing
# key, so a wrong deletion ships as a blank string, not an error.
frontend/lib/copy/articles.ts:addFile
frontend/lib/copy/articles.ts:addFirstFile
frontend/lib/copy/articles.ts:authorsPlaceholder
frontend/lib/copy/articles.ts:downloadFile
frontend/lib/copy/articles.ts:errorAddArticle
frontend/lib/copy/articles.ts:errorRegisterFile
frontend/lib/copy/articles.ts:errorUploadFile
frontend/lib/copy/articles.ts:exportCancelExport
frontend/lib/copy/articles.ts:keywordsPlaceholder
frontend/lib/copy/articles.ts:listAddFilter
frontend/lib/copy/articles.ts:listAfterYear
frontend/lib/copy/articles.ts:listAny
frontend/lib/copy/articles.ts:listBeforeYear
frontend/lib/copy/articles.ts:listFilterBy
frontend/lib/copy/articles.ts:listFromYear
frontend/lib/copy/articles.ts:listMatchesTextInTitle
frontend/lib/copy/articles.ts:listOfArticles
frontend/lib/copy/articles.ts:listQuick
frontend/lib/copy/articles.ts:listSearchKeywordPlaceholder
frontend/lib/copy/articles.ts:listSelectFilterAbove
frontend/lib/copy/articles.ts:listSingleYear
frontend/lib/copy/articles.ts:listSuggestions
frontend/lib/copy/articles.ts:listToYear
frontend/lib/copy/articles.ts:listYearFilterHint
frontend/lib/copy/articles.ts:noFilesLinked
frontend/lib/copy/articles.ts:notProvided
frontend/lib/copy/articles.ts:notSpecified
frontend/lib/copy/articles.ts:registerError
frontend/lib/copy/articles.ts:reparse
frontend/lib/copy/articles.ts:reparseQueued
frontend/lib/copy/articles.ts:typePlaceholder
frontend/lib/copy/articles.ts:uploadError
frontend/lib/copy/articles.ts:uploadPdfOptional
frontend/lib/copy/articles.ts:zoteroImportInProgress
frontend/lib/copy/common.ts:errors_forbidden
frontend/lib/copy/common.ts:errors_inContext
frontend/lib/copy/common.ts:errors_invalidRole
frontend/lib/copy/common.ts:errors_loadFailed
frontend/lib/copy/common.ts:errors_networkError
frontend/lib/copy/common.ts:errors_notFound
frontend/lib/copy/common.ts:errors_saveFailed
frontend/lib/copy/common.ts:errors_serverError
frontend/lib/copy/common.ts:errors_unauthorized
frontend/lib/copy/common.ts:errors_userNotProjectMember
frontend/lib/copy/common.ts:feedbackSuccessDesc
frontend/lib/copy/common.ts:filterBy
frontend/lib/copy/common.ts:linkPdf
frontend/lib/copy/common.ts:loadingEllipsis
frontend/lib/copy/common.ts:loadingPdf
frontend/lib/copy/common.ts:pdfLoadError
frontend/lib/copy/common.ts:pdfLoadErrorDesc
frontend/lib/copy/common.ts:pdfNotLinked
frontend/lib/copy/common.ts:pdfNotLinkedDesc
frontend/lib/copy/common.ts:removeAria
frontend/lib/copy/common.ts:timeAgoD
frontend/lib/copy/common.ts:timeAgoH
frontend/lib/copy/common.ts:timeAgoMin
frontend/lib/copy/common.ts:timeJustNow
frontend/lib/copy/common.ts:unknownError
frontend/lib/copy/common.ts:userRoleAria
frontend/lib/copy/consensus.ts:templatesEditAction
frontend/lib/copy/consensus.ts:templatesOverrideAction
frontend/lib/copy/layout.ts:loadingProjects
frontend/lib/copy/layout.ts:themeToggleDark
frontend/lib/copy/layout.ts:themeToggleLight
frontend/lib/copy/layout.ts:themeToggleSystem
frontend/lib/copy/llmEngine.ts:alternatesAddLabel
frontend/lib/copy/navigation.ts:ariaBack
frontend/lib/copy/navigation.ts:ariaCollapseSidebar
frontend/lib/copy/navigation.ts:ariaExpandSidebar
frontend/lib/copy/navigation.ts:ariaOpenSearch
frontend/lib/copy/navigation.ts:notifProjectCompletedMessage
frontend/lib/copy/navigation.ts:notifProjectCompletedTitle
frontend/lib/copy/navigation.ts:viewSwitcherTrigger
frontend/lib/copy/pages.ts:dashboardErrorProjectIdNotReturned
frontend/lib/copy/pages.ts:dashboardUnexpectedError
frontend/lib/copy/pages.ts:extractionScreenCompleteRequiredFields
frontend/lib/copy/pages.ts:extractionScreenErrorArticleNotFound
frontend/lib/copy/pages.ts:extractionScreenErrorFinalizeUnknown
frontend/lib/copy/pages.ts:extractionScreenErrorNoInstances
frontend/lib/copy/pages.ts:extractionScreenErrorPermission
frontend/lib/copy/pages.ts:extractionScreenErrorRelatedData
frontend/lib/copy/pages.ts:extractionScreenErrorUpdateStatus
frontend/lib/copy/pages.ts:extractionScreenNoInstanceUpdated
frontend/lib/copy/pages.ts:extractionScreenYou
frontend/lib/copy/pages.ts:indexSubtitle
frontend/lib/copy/pages.ts:indexWelcome
frontend/lib/copy/pages.ts:projectViewErrorLoading
frontend/lib/copy/pages.ts:projectViewFromRisFile
frontend/lib/copy/pages.ts:projectViewFromZotero
frontend/lib/copy/pages.ts:projectViewLoading
frontend/lib/copy/pages.ts:projectViewProjectNotFound
frontend/lib/copy/pages.ts:projectViewTabExtractionDesc
frontend/lib/copy/pdf.ts:moreToolsAria
frontend/lib/copy/pdf.ts:moreToolsDownload
frontend/lib/copy/pdf.ts:moreToolsDownloadDesc
frontend/lib/copy/pdf.ts:moreToolsDownloadTitle
frontend/lib/copy/pdf.ts:moreToolsPrint
frontend/lib/copy/pdf.ts:moreToolsPrintDesc
frontend/lib/copy/pdf.ts:moreToolsPrintTitle
frontend/lib/copy/pdf.ts:moreToolsProperties
frontend/lib/copy/pdf.ts:moreToolsPropertiesDesc
frontend/lib/copy/pdf.ts:moreToolsPropertiesTitle
frontend/lib/copy/pdf.ts:moreToolsSettings
frontend/lib/copy/pdf.ts:pageNextTitle
frontend/lib/copy/pdf.ts:pageNumberAria
frontend/lib/copy/pdf.ts:pagePrevTitle
frontend/lib/copy/pdf.ts:searchAdvancedOptions
frontend/lib/copy/pdf.ts:searchCaseSensitive
frontend/lib/copy/pdf.ts:searchClose
frontend/lib/copy/pdf.ts:searchNextResult
frontend/lib/copy/pdf.ts:searchNoResults
frontend/lib/copy/pdf.ts:searchPrevResult
frontend/lib/copy/pdf.ts:searchRegex
frontend/lib/copy/pdf.ts:searchResultsInPages
frontend/lib/copy/pdf.ts:searchSearching
frontend/lib/copy/pdf.ts:searchTotalResults
frontend/lib/copy/pdf.ts:searchWholeWords
frontend/lib/copy/pdf.ts:settingsAboutBased
frontend/lib/copy/pdf.ts:settingsAboutCopyright
frontend/lib/copy/pdf.ts:settingsAboutTitle
frontend/lib/copy/pdf.ts:settingsAboutVersion
frontend/lib/copy/pdf.ts:settingsShortcutCloseDialogs
frontend/lib/copy/pdf.ts:settingsShortcutFind
frontend/lib/copy/pdf.ts:settingsShortcutFirstLastPage
frontend/lib/copy/pdf.ts:settingsShortcutNavigatePages
frontend/lib/copy/pdf.ts:settingsShortcutResetZoom
frontend/lib/copy/pdf.ts:settingsShortcutZoomInOut
frontend/lib/copy/pdf.ts:settingsShortcutsAvailable
frontend/lib/copy/pdf.ts:settingsTabGeneral
frontend/lib/copy/pdf.ts:settingsTabShortcuts
frontend/lib/copy/pdf.ts:settingsTipShortcutAfter
frontend/lib/copy/pdf.ts:settingsTipShortcutBefore
frontend/lib/copy/pdf.ts:shortcutCancel
frontend/lib/copy/pdf.ts:shortcutFind
frontend/lib/copy/pdf.ts:shortcutFirstPage
frontend/lib/copy/pdf.ts:shortcutLastPage
frontend/lib/copy/pdf.ts:shortcutNextPage
frontend/lib/copy/pdf.ts:shortcutPresentation
frontend/lib/copy/pdf.ts:shortcutPrevPage
frontend/lib/copy/pdf.ts:shortcutPrint
frontend/lib/copy/pdf.ts:shortcutResetZoom
frontend/lib/copy/pdf.ts:shortcutZoomIn
frontend/lib/copy/pdf.ts:shortcutZoomOut
frontend/lib/copy/pdf.ts:thumbnailsCurrentPage
frontend/lib/copy/pdf.ts:thumbnailsNoPages
frontend/lib/copy/pdf.ts:thumbnailsPageLabel
frontend/lib/copy/pdf.ts:thumbnailsPagesTitle
frontend/lib/copy/pdf.ts:zoomFitPage
frontend/lib/copy/pdf.ts:zoomFitWidth
frontend/lib/copy/pdf.ts:zoomOptionsTitle
frontend/lib/copy/qa.ts:assessmentDesc
frontend/lib/copy/qa.ts:badgeShort
frontend/lib/copy/qa.ts:configToggleDisabling
frontend/lib/copy/qa.ts:configToggleEnabling
frontend/lib/copy/qa.ts:interfaceDesc
frontend/lib/copy/qa.ts:interfaceTitle
frontend/lib/copy/qa.ts:loadArticlesError
frontend/lib/copy/qa.ts:noArticlesDesc
frontend/lib/copy/qa.ts:noArticlesTitle
frontend/lib/copy/qa.ts:noAuthors
frontend/lib/copy/qa.ts:noTemplatesDesc
frontend/lib/copy/qa.ts:publishedState
frontend/lib/copy/runs.ts:openProjectNav
frontend/lib/copy/shared.ts:agreement
frontend/lib/copy/shared.ts:consensusColumn
frontend/lib/copy/shared.ts:divergence
frontend/lib/copy/shared.ts:entities
frontend/lib/copy/shared.ts:entity
frontend/lib/copy/shared.ts:noEntityFoundForComparison
frontend/lib/copy/shared.ts:noFieldsToCompare
frontend/lib/copy/shared.ts:selectEntityPlaceholder
frontend/lib/copy/shared.ts:selectEntityToCompare
frontend/lib/copy/shared.ts:users
frontend/lib/copy/shared.ts:usersCountTitle
frontend/lib/copy/shared.ts:valueEqualAria
frontend/lib/copy/shared.ts:youHaveNoInstancesOf
frontend/lib/copy/templateConfig.ts:deleteGroupCascadeWarning
frontend/lib/copy/templateConfig.ts:errors_draftLockHeld
frontend/lib/copy/templateConfig.ts:errors_draftLockHeldBy
frontend/lib/copy/ui.ts:fileDropAcceptedTypes
frontend/lib/copy/ui.ts:fileDropDescription
frontend/lib/copy/ui.ts:fileDropLabel
frontend/lib/copy/ui.ts:fileDropMaxFiles
frontend/lib/copy/ui.ts:fileDropUploading
frontend/lib/copy/ui.ts:fileLabel
frontend/lib/copy/ui.ts:fileSizeExceedsMax
frontend/lib/copy/ui.ts:fileTypeNotAccepted
frontend/lib/copy/ui.ts:maxFilesReached
frontend/lib/copy/ui.ts:uploadAreaAria
frontend/lib/copy/user.ts:apiKeysDeactivated
frontend/lib/copy/user.ts:apiKeysErrorDeactivating
frontend/lib/copy/user.ts:apiKeysSessionExpired
frontend/lib/copy/user.ts:ariaGoBack
frontend/lib/copy/user.ts:settingsAriaSections
frontend/lib/copy/user.ts:tabIntegrations
frontend/lib/copy/user.ts:tabIntegrationsDesc
frontend/lib/copy/user.ts:tabProfile
frontend/lib/copy/user.ts:tabProfileDesc
frontend/lib/copy/user.ts:tabSecurity
frontend/lib/copy/user.ts:tabSecurityDesc
