# file-size ratchet baseline — oversized files frozen at current size.
# May shrink (re-run --update-baseline to tighten), never grow. Cleanup is a separate effort.
backend/app/seed.py:3235
backend/app/services/extraction_export_service.py:2341
backend/app/services/run_lifecycle_service.py:871
backend/app/services/section_extraction_service.py:1775
frontend/components/articles/ArticleForm.tsx:1272
frontend/components/articles/ArticlesList.tsx:1360
frontend/components/extraction/ArticleExtractionTable.tsx:1134
frontend/components/extraction/template-config/TemplateConfigGridPanel.test.tsx:1038
frontend/lib/copy/extraction.ts:941
frontend/pages/ExtractionFullScreen.tsx:1371
frontend/pages/QualityAssessmentFullScreen.tsx:893
frontend/test/QualityAssessmentFullScreen.test.tsx:1111
frontend/test/hooks/useAutoSaveProposals.test.tsx:862
