# ui-primitives ratchet baseline — may shrink (--update-baseline), never grow.
# Spec: docs/superpowers/specs/2026-09-12-interaction-primitives-design.md
frontend/components/articles/ArticleFileUploadDialogNew.tsx:overlay-size:1
frontend/components/articles/ArticlesExportDialog.tsx:overlay-size:1
frontend/components/articles/RISImportDialog.tsx:overlay-size:1
frontend/components/articles/ZoteroImportDialog.tsx:overlay-size:1
frontend/components/extraction/AddEntryDialog.tsx:overlay-size:2
frontend/components/extraction/LlmEndpointsDialog.tsx:overlay-size:1
frontend/components/extraction/LlmEngineSettingsDialog.tsx:overlay-size:1
frontend/components/extraction/ai/shared/GenerationDetailsDialog.tsx:overlay-size:1
frontend/components/extraction/dialogs/AddSectionDialog.tsx:overlay-size:1
frontend/components/extraction/dialogs/CreateCustomTemplateDialog.tsx:overlay-size:1
frontend/components/extraction/dialogs/ImportTemplateDialog.tsx:overlay-size:1
frontend/components/extraction/entries/RemoveEntryDialog.tsx:overlay-size:1
frontend/components/extraction/template-config/MoveToSectionDialog.tsx:overlay-size:1
frontend/components/extraction/template-config/TemplateConfigDiffSheet.tsx:overlay-size:1
frontend/components/extraction/template-config/TemplateConfigGridPanel.tsx:overlay-size:1
frontend/components/extraction/template-config/TemplateVersionHistorySheet.tsx:overlay-size:1
frontend/components/feedback/FeedbackDialog.tsx:overlay-size:1
frontend/components/hitl/HITLExportDialog.tsx:overlay-size:1
frontend/components/layout/MobileSidebar.tsx:overlay-size:1
frontend/components/project/AiConfigDialog.tsx:overlay-size:1
frontend/components/runs/header/Help.tsx:overlay-size:1
frontend/components/ui/command.tsx:overlay-size:1
