# Layered-architecture violations on the current tree, grandfathered.
# Format: <repo-relative-file>:<full-import-module> (line-independent).
# Empty line OK. # comments OK.

backend/app/api/v1/endpoints/article_text_blocks.py:app.models.article
backend/app/api/v1/endpoints/articles_export.py:app.repositories.unit_of_work
backend/app/api/v1/endpoints/citations.py:app.models.article
backend/app/api/v1/endpoints/citations.py:app.models.extraction
backend/app/api/v1/endpoints/hitl_sessions.py:app.models.extraction
backend/app/api/v1/endpoints/project_templates.py:app.models.extraction
backend/app/api/v1/endpoints/zotero_import.py:app.repositories.unit_of_work
